#
# There is insufficient memory for the Java Runtime Environment to continue.
# Native memory allocation (malloc) failed to allocate 368656 bytes. Error detail: Chunk::new
# Possible reasons:
#   The system is out of physical RAM or swap space
#   This process is running with CompressedOops enabled, and the Java Heap may be blocking the growth of the native heap
# Possible solutions:
#   Reduce memory load on the system
#   Increase physical memory or swap space
#   Check if swap backing store is full
#   Decrease Java heap size (-Xmx/-Xms)
#   Decrease number of Java threads
#   Decrease Java thread stack sizes (-Xss)
#   Set larger code cache with -XX:ReservedCodeCacheSize=
#   JVM is running with Unscaled Compressed Oops mode in which the Java heap is
#     placed in the first 4GB address space. The Java Heap base address is the
#     maximum limit for the native heap growth. Please use -XX:HeapBaseMinAddress
#     to set the Java Heap base and to place the Java Heap above 4GB virtual address.
# This output file may be truncated or incomplete.
#
#  Out of Memory Error (arena.cpp:168), pid=22324, tid=22432
#
# JRE version:  (21.0.8+9) (build )
# Java VM: OpenJDK 64-Bit Server VM (21.0.8+9-LTS, mixed mode, sharing, tiered, compressed oops, compressed class ptrs, parallel gc, windows-amd64)
# No core dump will be written. Minidumps are not enabled by default on client versions of Windows
#

---------------  S U M M A R Y ------------

Command Line: --add-modules=ALL-SYSTEM --add-opens=java.base/java.util=ALL-UNNAMED --add-opens=java.base/java.lang=ALL-UNNAMED --add-opens=java.base/sun.nio.fs=ALL-UNNAMED -Declipse.application=org.eclipse.jdt.ls.core.id1 -Dosgi.bundles.defaultStartLevel=4 -Declipse.product=org.eclipse.jdt.ls.core.product -Djava.import.generatesMetadataFilesAtProjectRoot=false -DDetectVMInstallationsJob.disabled=true -Dfile.encoding=utf8 -XX:+UseParallelGC -XX:GCTimeRatio=4 -XX:AdaptiveSizePolicyWeight=90 -Dsun.zip.disableMemoryMapping=true -Xmx2G -Xms100m -Xlog:disable -javaagent:c:\Users\Admin\.vscode\extensions\redhat.java-1.47.0-win32-x64\lombok\lombok-1.18.39-4050.jar c:\Users\Admin\.vscode\extensions\redhat.java-1.47.0-win32-x64\server\plugins\org.eclipse.equinox.launcher_1.7.100.v20251014-1222.jar -configuration c:\Users\Admin\AppData\Roaming\Code\User\globalStorage\redhat.java\1.47.0\config_ss_win -data c:\Users\Admin\AppData\Roaming\Code\User\workspaceStorage\5ba49d3da7aa5a863407c47386998a56\redhat.java\ss_ws --pipe=\\.\pipe\lsp-31db45b8009b4c98aac610aa216bea50-sock

Host: AMD Ryzen 5 7235HS                             , 8 cores, 11G,  Windows 11 , 64 bit Build 26100 (10.0.26100.6725)
Time: Wed Nov  5 08:58:46 2025 SE Asia Standard Time elapsed time: 0.035598 seconds (0d 0h 0m 0s)

---------------  T H R E A D  ---------------

Current thread (0x00000145aaa5aff0):  JavaThread "Unknown thread" [_thread_in_vm, id=22432, stack(0x0000004120400000,0x0000004120500000) (1024K)]

Stack: [0x0000004120400000,0x0000004120500000]
Native frames: (J=compiled Java code, j=interpreted, Vv=VM code, C=native code)
V  [jvm.dll+0x6d2449]
V  [jvm.dll+0x8ae341]
V  [jvm.dll+0x8b08be]
V  [jvm.dll+0x8b0fa3]
V  [jvm.dll+0x280c96]
V  [jvm.dll+0xc581d]
V  [jvm.dll+0xc5635]
V  [jvm.dll+0x81b626]
V  [jvm.dll+0x877746]
V  [jvm.dll+0x3bed71]
V  [jvm.dll+0x8605d3]
V  [jvm.dll+0x4530ee]
V  [jvm.dll+0x454d31]
C  [jli.dll+0x5278]
C  [ucrtbase.dll+0x37b0]
C  [KERNEL32.DLL+0x2e8d7]
C  [ntdll.dll+0x8c53c]


---------------  P R O C E S S  ---------------

Threads class SMR info:
_java_thread_list=0x00007ffc157d11c8, length=0, elements={
}

Java Threads: ( => current thread )
Total: 0

Other Threads:
  0x00000145aaa7a760 WorkerThread "GC Thread#0"                     [id=19668, stack(0x0000004120500000,0x0000004120600000) (1024K)]

=>0x00000145aaa5aff0 (exited) JavaThread "Unknown thread"    [_thread_in_vm, id=22432, stack(0x0000004120400000,0x0000004120500000) (1024K)]
Total: 2

Threads with active compile tasks:
Total: 0

VM state: not at safepoint (not fully initialized)

VM Mutex/Monitor currently owned by a thread: None

Heap address: 0x0000000080000000, size: 2048 MB, Compressed Oops mode: 32-bit

CDS archive(s) mapped at: [0x00000145c2000000-0x00000145c2ba0000-0x00000145c2ba0000), size 12189696, SharedBaseAddress: 0x00000145c2000000, ArchiveRelocationMode: 1.
Compressed class space mapped at: 0x00000145c3000000-0x0000014603000000, reserved size: 1073741824
Narrow klass base: 0x00000145c2000000, Narrow klass shift: 0, Narrow klass range: 0x100000000

GC Precious Log:
 CardTable entry size: 512
 CPUs: 8 total, 8 available
 Memory: 11972M
 Large Page Support: Disabled
 NUMA Support: Disabled
 Compressed Oops: Enabled (32-bit)
 Alignments: Space 512K, Generation 512K, Heap 2M
 Heap Min Capacity: 100M
 Heap Initial Capacity: 100M
 Heap Max Capacity: 2G
 Pre-touch: Disabled
 Parallel Workers: 8

Heap:
 PSYoungGen      total 29696K, used 0K [0x00000000d5580000, 0x00000000d7680000, 0x0000000100000000)
  eden space 25600K, 0% used [0x00000000d5580000,0x00000000d5580000,0x00000000d6e80000)
  from space 4096K, 0% used [0x00000000d7280000,0x00000000d7280000,0x00000000d7680000)
  to   space 4096K, 0% used [0x00000000d6e80000,0x00000000d6e80000,0x00000000d7280000)
 ParOldGen       total 68608K, used 0K [0x0000000080000000, 0x0000000084300000, 0x00000000d5580000)
  object space 68608K, 0% used [0x0000000080000000,0x0000000080000000,0x0000000084300000)
 Metaspace       used 0K, committed 0K, reserved 1048576K
  class space    used 0K, committed 0K, reserved 1048576K

Card table byte_map: [0x00000145aa410000,0x00000145aa820000] _byte_map_base: 0x00000145aa010000

Marking Bits: (ParMarkBitMap*) 0x00007ffc1584a340
 Begin Bits: [0x00000145bcf00000, 0x00000145bef00000)
 End Bits:   [0x00000145bef00000, 0x00000145c0f00000)

GC Heap History (0 events):
No events

Dll operation events (1 events):
Event: 0.016 Loaded shared library c:\Users\Admin\.vscode\extensions\redhat.java-1.47.0-win32-x64\jre\21.0.8-win32-x86_64\bin\java.dll

Deoptimization events (0 events):
No events

Classes loaded (0 events):
No events

Classes unloaded (0 events):
No events

Classes redefined (0 events):
No events

Internal exceptions (0 events):
No events

ZGC Phase Switch (0 events):
No events

VM Operations (0 events):
No events

Memory protections (0 events):
No events

Nmethod flushes (0 events):
No events

Events (0 events):
No events


Dynamic libraries:
0x00007ff7d20b0000 - 0x00007ff7d20be000 	c:\Users\Admin\.vscode\extensions\redhat.java-1.47.0-win32-x64\jre\21.0.8-win32-x86_64\bin\java.exe
0x00007ffcd3520000 - 0x00007ffcd3788000 	C:\WINDOWS\SYSTEM32\ntdll.dll
0x00007ffcd20b0000 - 0x00007ffcd2179000 	C:\WINDOWS\System32\KERNEL32.DLL
0x00007ffcd0800000 - 0x00007ffcd0bf2000 	C:\WINDOWS\System32\KERNELBASE.dll
0x00007ffcd06b0000 - 0x00007ffcd07fb000 	C:\WINDOWS\System32\ucrtbase.dll
0x00007ffcc76d0000 - 0x00007ffcc76e8000 	c:\Users\Admin\.vscode\extensions\redhat.java-1.47.0-win32-x64\jre\21.0.8-win32-x86_64\bin\jli.dll
0x00007ffcc3790000 - 0x00007ffcc37ae000 	c:\Users\Admin\.vscode\extensions\redhat.java-1.47.0-win32-x64\jre\21.0.8-win32-x86_64\bin\VCRUNTIME140.dll
0x00007ffcd2720000 - 0x00007ffcd28e5000 	C:\WINDOWS\System32\USER32.dll
0x00007ffcd0e00000 - 0x00007ffcd0e27000 	C:\WINDOWS\System32\win32u.dll
0x00007ffcb45a0000 - 0x00007ffcb4833000 	C:\WINDOWS\WinSxS\amd64_microsoft.windows.common-controls_6595b64144ccf1df_6.0.26100.6899_none_3e0efeeae32e88c1\COMCTL32.dll
0x00007ffcd1f30000 - 0x00007ffcd1fd9000 	C:\WINDOWS\System32\msvcrt.dll
0x00007ffcd2c70000 - 0x00007ffcd2c9b000 	C:\WINDOWS\System32\GDI32.dll
0x00007ffcd11c0000 - 0x00007ffcd12ed000 	C:\WINDOWS\System32\gdi32full.dll
0x00007ffcd0c00000 - 0x00007ffcd0ca3000 	C:\WINDOWS\System32\msvcp_win.dll
0x00007ffcd1fe0000 - 0x00007ffcd200f000 	C:\WINDOWS\System32\IMM32.DLL
0x00007ffccb070000 - 0x00007ffccb07c000 	c:\Users\Admin\.vscode\extensions\redhat.java-1.47.0-win32-x64\jre\21.0.8-win32-x86_64\bin\vcruntime140_1.dll
0x00007ffc79170000 - 0x00007ffc791fd000 	c:\Users\Admin\.vscode\extensions\redhat.java-1.47.0-win32-x64\jre\21.0.8-win32-x86_64\bin\msvcp140.dll
0x00007ffc14b90000 - 0x00007ffc15927000 	c:\Users\Admin\.vscode\extensions\redhat.java-1.47.0-win32-x64\jre\21.0.8-win32-x86_64\bin\server\jvm.dll
0x00007ffcd2a70000 - 0x00007ffcd2b24000 	C:\WINDOWS\System32\ADVAPI32.dll
0x00007ffcd2bc0000 - 0x00007ffcd2c66000 	C:\WINDOWS\System32\sechost.dll
0x00007ffcd12f0000 - 0x00007ffcd1408000 	C:\WINDOWS\System32\RPCRT4.dll
0x00007ffcd3350000 - 0x00007ffcd33c4000 	C:\WINDOWS\System32\WS2_32.dll
0x00007ffcd0370000 - 0x00007ffcd03ce000 	C:\WINDOWS\SYSTEM32\POWRPROF.dll
0x00007ffcca000000 - 0x00007ffcca00b000 	C:\WINDOWS\SYSTEM32\VERSION.dll
0x00007ffcc3420000 - 0x00007ffcc3455000 	C:\WINDOWS\SYSTEM32\WINMM.dll
0x00007ffcd0290000 - 0x00007ffcd02a4000 	C:\WINDOWS\SYSTEM32\UMPDC.dll
0x00007ffccf480000 - 0x00007ffccf49b000 	C:\WINDOWS\SYSTEM32\kernel.appcore.dll
0x00007ffcc78e0000 - 0x00007ffcc78ea000 	c:\Users\Admin\.vscode\extensions\redhat.java-1.47.0-win32-x64\jre\21.0.8-win32-x86_64\bin\jimage.dll
0x00007ffccd9f0000 - 0x00007ffccdc32000 	C:\WINDOWS\SYSTEM32\DBGHELP.DLL
0x00007ffcd23a0000 - 0x00007ffcd271b000 	C:\WINDOWS\System32\combase.dll
0x00007ffcd1b60000 - 0x00007ffcd1c37000 	C:\WINDOWS\System32\OLEAUT32.dll
0x00007ffca9520000 - 0x00007ffca955c000 	C:\WINDOWS\SYSTEM32\dbgcore.DLL
0x00007ffcd0e30000 - 0x00007ffcd0ec8000 	C:\WINDOWS\System32\bcryptPrimitives.dll
0x00007ffca57a0000 - 0x00007ffca57af000 	c:\Users\Admin\.vscode\extensions\redhat.java-1.47.0-win32-x64\jre\21.0.8-win32-x86_64\bin\instrument.dll
0x00007ffcc27a0000 - 0x00007ffcc27bf000 	c:\Users\Admin\.vscode\extensions\redhat.java-1.47.0-win32-x64\jre\21.0.8-win32-x86_64\bin\java.dll

JVMTI agents:
c:\Users\Admin\.vscode\extensions\redhat.java-1.47.0-win32-x64\lombok\lombok-1.18.39-4050.jar path:none, loaded, not initialized, instrumentlib options:none

dbghelp: loaded successfully - version: 4.0.5 - missing functions: none
symbol engine: initialized successfully - sym options: 0x614 - pdb path: .;c:\Users\Admin\.vscode\extensions\redhat.java-1.47.0-win32-x64\jre\21.0.8-win32-x86_64\bin;C:\WINDOWS\SYSTEM32;C:\WINDOWS\WinSxS\amd64_microsoft.windows.common-controls_6595b64144ccf1df_6.0.26100.6899_none_3e0efeeae32e88c1;c:\Users\Admin\.vscode\extensions\redhat.java-1.47.0-win32-x64\jre\21.0.8-win32-x86_64\bin\server

VM Arguments:
jvm_args: --add-modules=ALL-SYSTEM --add-opens=java.base/java.util=ALL-UNNAMED --add-opens=java.base/java.lang=ALL-UNNAMED --add-opens=java.base/sun.nio.fs=ALL-UNNAMED -Declipse.application=org.eclipse.jdt.ls.core.id1 -Dosgi.bundles.defaultStartLevel=4 -Declipse.product=org.eclipse.jdt.ls.core.product -Djava.import.generatesMetadataFilesAtProjectRoot=false -DDetectVMInstallationsJob.disabled=true -Dfile.encoding=utf8 -XX:+UseParallelGC -XX:GCTimeRatio=4 -XX:AdaptiveSizePolicyWeight=90 -Dsun.zip.disableMemoryMapping=true -Xmx2G -Xms100m -Xlog:disable -javaagent:c:\Users\Admin\.vscode\extensions\redhat.java-1.47.0-win32-x64\lombok\lombok-1.18.39-4050.jar 
java_command: c:\Users\Admin\.vscode\extensions\redhat.java-1.47.0-win32-x64\server\plugins\org.eclipse.equinox.launcher_1.7.100.v20251014-1222.jar -configuration c:\Users\Admin\AppData\Roaming\Code\User\globalStorage\redhat.java\1.47.0\config_ss_win -data c:\Users\Admin\AppData\Roaming\Code\User\workspaceStorage\5ba49d3da7aa5a863407c47386998a56\redhat.java\ss_ws --pipe=\\.\pipe\lsp-31db45b8009b4c98aac610aa216bea50-sock
java_class_path (initial): c:\Users\Admin\.vscode\extensions\redhat.java-1.47.0-win32-x64\server\plugins\org.eclipse.equinox.launcher_1.7.100.v20251014-1222.jar
Launcher Type: SUN_STANDARD

[Global flags]
    uintx AdaptiveSizePolicyWeight                 = 90                                        {product} {command line}
     intx CICompilerCount                          = 4                                         {product} {ergonomic}
    uintx GCTimeRatio                              = 4                                         {product} {command line}
   size_t InitialHeapSize                          = 104857600                                 {product} {command line}
   size_t MaxHeapSize                              = 2147483648                                {product} {command line}
   size_t MaxNewSize                               = 715653120                                 {product} {ergonomic}
   size_t MinHeapDeltaBytes                        = 524288                                    {product} {ergonomic}
   size_t MinHeapSize                              = 104857600                                 {product} {command line}
   size_t NewSize                                  = 34603008                                  {product} {ergonomic}
    uintx NonNMethodCodeHeapSize                   = 5839372                                {pd product} {ergonomic}
    uintx NonProfiledCodeHeapSize                  = 122909434                              {pd product} {ergonomic}
   size_t OldSize                                  = 70254592                                  {product} {ergonomic}
    uintx ProfiledCodeHeapSize                     = 122909434                              {pd product} {ergonomic}
    uintx ReservedCodeCacheSize                    = 251658240                              {pd product} {ergonomic}
     bool SegmentedCodeCache                       = true                                      {product} {ergonomic}
   size_t SoftMaxHeapSize                          = 2147483648                             {manageable} {ergonomic}
     bool UseCompressedOops                        = true                           {product lp64_product} {ergonomic}
     bool UseLargePagesIndividualAllocation        = false                                  {pd product} {ergonomic}
     bool UseParallelGC                            = true                                      {product} {command line}

Logging:
Log output configuration:
 #0: stdout all=off uptime,level,tags foldmultilines=false
 #1: stderr all=off uptime,level,tags foldmultilines=false

Environment Variables:
PATH=C:\Program Files\Common Files\Oracle\Java\javapath;E:\VNwave\bin\;E:\PostgreSQL\bin;C:\Program Files\Git\cmd;C:\Python313\Scripts;C:\Program Files\Java\jdk-24\bin;C:\Users\Admin\AppData\Roaming\Python\Python313\Scripts;C:\Program Files\apache-maven-3.9.11\bin;C:\Users\Admin\AppData\Local\Programs\Python\Python313\Scripts\;C:\Users\Admin\AppData\Local\Programs\Python\Python313\;C:\Users\Admin\scoop\shims;C:\Users\Admin\AppData\Local\Programs\oh-my-posh\bin\;C:\Users\Admin\AppData\Local\Microsoft\WindowsApps;E:\Microsoft VS Code\bin;C:\Users\Admin\AppData\Roaming\npm;C:\Users\Admin\AppData\Local\nvm;C:\nvm4w\nodejs;C:\Python313\Scripts
USERNAME=Admin
OS=Windows_NT
PROCESSOR_IDENTIFIER=AMD64 Family 25 Model 68 Stepping 1, AuthenticAMD
TMP=C:\Users\Admin\AppData\Local\Temp
TEMP=C:\Users\Admin\AppData\Local\Temp




Periodic native trim disabled

---------------  S Y S T E M  ---------------

OS:
 Windows 11 , 64 bit Build 26100 (10.0.26100.6725)
OS uptime: 0 days 0:40 hours
Hyper-V role detected

CPU: total 8 (initial active 8) (8 cores per cpu, 2 threads per core) family 25 model 68 stepping 1 microcode 0xa404105, cx8, cmov, fxsr, ht, mmx, 3dnowpref, sse, sse2, sse3, ssse3, sse4a, sse4.1, sse4.2, popcnt, lzcnt, tsc, tscinvbit, avx, avx2, aes, erms, clmul, bmi1, bmi2, adx, sha, fma, vzeroupper, clflush, clflushopt, hv, rdtscp, rdpid, fsrm, f16c, cet_ss
Processor Information for the first 8 processors :
  Max Mhz: 3201, Current Mhz: 3201, Mhz Limit: 3201

Memory: 4k page, system-wide physical 11972M (1306M free)
TotalPageFile size 23175M (AvailPageFile size 5M)
current process WorkingSet (physical memory assigned to process): 24M, peak: 24M
current process commit charge ("private bytes"): 192M, peak: 192M

vm_info: OpenJDK 64-Bit Server VM (21.0.8+9-LTS) for windows-amd64 JRE (21.0.8+9-LTS), built on 2025-07-15T00:00:00Z by "admin" with MS VC++ 17.7 (VS2022)

END.
